[
  {
    "Sha": "7fd1a60b01f91b314f59955a4e4d4e80d8edf11d",
    "Message": "Fixed Typo",
    "Author": {
      "Name": "The Author",
      "Email": "author@nowhere.com",
      "Date": "2012-03-06T23:06:50Z"
    },
    "Committer": {
      "Name": "The Committer",
      "Email": "committer@nowhere.com",
      "Date": "2012-03-06T23:06:50Z"
    },
    "Link": "https://dev.azure.com/test-organization/test-project/_git/test-repo/commit/7fd1a60b01f91b314f59955a4e4d4e80d8edf11d"
  }
]